INFO httpx: HTTP Request: GET https://eprocure.gov.in/cppp/latestactivetendersnew/cpppdata "HTTP/1.1 200 OK"
INFO httpx: HTTP Request: GET https://eprocure.gov.in/cppp/latestactivetendersnew/cpppdata?url=aHR0cHM6Ly9lcHJvY3VyZS5nb3YuaW4vY3BwcC9sYXRlc3RhY3RpdmV0ZW5kZXJzbmV3L2NwcHBkYXRhP3BhZ2U9Mg%3D%3D "HTTP/1.1 200 OK"
INFO httpx: HTTP Request: GET https://eprocure.gov.in/cppp/latestactivetendersnew/cpppdata?url=aHR0cHM6Ly9lcHJvY3VyZS5nb3YuaW4vY3BwcC9sYXRlc3RhY3RpdmV0ZW5kZXJzbmV3L2NwcHBkYXRhP3BhZ2U9Mw%3D%3D "HTTP/1.1 200 OK"
INFO httpx: HTTP Request: GET https://eprocure.gov.in/cppp/latestactivetendersnew/cpppdata?url=aHR0cHM6Ly9lcHJvY3VyZS5nb3YuaW4vY3BwcC9sYXRlc3RhY3RpdmV0ZW5kZXJzbmV3L2NwcHBkYXRhP3BhZ2U9NA%3D%3D "HTTP/1.1 200 OK"
INFO httpx: HTTP Request: GET https://eprocure.gov.in/cppp/latestactivetendersnew/cpppdata?url=aHR0cHM6Ly9lcHJvY3VyZS5nb3YuaW4vY3BwcC9sYXRlc3RhY3RpdmV0ZW5kZXJzbmV3L2NwcHBkYXRhP3BhZ2U9NQ%3D%3D "HTTP/1.1 200 OK"
INFO httpx: HTTP Request: GET https://eprocure.gov.in/cppp/latestactivetendersnew/cpppdata?url=aHR0cHM6Ly9lcHJvY3VyZS5nb3YuaW4vY3BwcC9sYXRlc3RhY3RpdmV0ZW5kZXJzbmV3L2NwcHBkYXRhP3BhZ2U9Ng%3D%3D "HTTP/1.1 200 OK"
INFO httpx: HTTP Request: GET https://eprocure.gov.in/cppp/latestactivetendersnew/cpppdata?url=aHR0cHM6Ly9lcHJvY3VyZS5nb3YuaW4vY3BwcC9sYXRlc3RhY3RpdmV0ZW5kZXJzbmV3L2NwcHBkYXRhP3BhZ2U9Nw%3D%3D "HTTP/1.1 200 OK"
INFO httpx: HTTP Request: GET https://eprocure.gov.in/cppp/latestactivetendersnew/cpppdata?url=aHR0cHM6Ly9lcHJvY3VyZS5nb3YuaW4vY3BwcC9sYXRlc3RhY3RpdmV0ZW5kZXJzbmV3L2NwcHBkYXRhP3BhZ2U9OA%3D%3D "HTTP/1.1 200 OK"
INFO httpx: HTTP Request: GET https://eprocure.gov.in/cppp/latestactivetendersnew/cpppdata?url=aHR0cHM6Ly9lcHJvY3VyZS5nb3YuaW4vY3BwcC9sYXRlc3RhY3RpdmV0ZW5kZXJzbmV3L2NwcHBkYXRhP3BhZ2U9OQ%3D%3D "HTTP/1.1 200 OK"
INFO httpx: HTTP Request: GET https://eprocure.gov.in/cppp/latestactivetendersnew/cpppdata?url=aHR0cHM6Ly9lcHJvY3VyZS5nb3YuaW4vY3BwcC9sYXRlc3RhY3RpdmV0ZW5kZXJzbmV3L2NwcHBkYXRhP3BhZ2U9MTA%3D "HTTP/1.1 200 OK"
INFO httpx: HTTP Request: GET https://eprocure.gov.in/cppp/latestactivetendersnew/cpppdata?url=aHR0cHM6Ly9lcHJvY3VyZS5nb3YuaW4vY3BwcC9sYXRlc3RhY3RpdmV0ZW5kZXJzbmV3L2NwcHBkYXRhP3BhZ2U9MTE%3D "HTTP/1.1 200 OK"
INFO httpx: HTTP Request: GET https://eprocure.gov.in/cppp/latestactivetendersnew/cpppdata?url=aHR0cHM6Ly9lcHJvY3VyZS5nb3YuaW4vY3BwcC9sYXRlc3RhY3RpdmV0ZW5kZXJzbmV3L2NwcHBkYXRhP3BhZ2U9MTI%3D "HTTP/1.1 200 OK"
INFO httpx: HTTP Request: GET https://eprocure.gov.in/cppp/latestactivetendersnew/cpppdata?url=aHR0cHM6Ly9lcHJvY3VyZS5nb3YuaW4vY3BwcC9sYXRlc3RhY3RpdmV0ZW5kZXJzbmV3L2NwcHBkYXRhP3BhZ2U9MTM%3D "HTTP/1.1 200 OK"
INFO httpx: HTTP Request: GET https://eprocure.gov.in/cppp/latestactivetendersnew/cpppdata?url=aHR0cHM6Ly9lcHJvY3VyZS5nb3YuaW4vY3BwcC9sYXRlc3RhY3RpdmV0ZW5kZXJzbmV3L2NwcHBkYXRhP3BhZ2U9MTQ%3D "HTTP/1.1 200 OK"
INFO httpx: HTTP Request: GET https://eprocure.gov.in/cppp/latestactivetendersnew/cpppdata?url=aHR0cHM6Ly9lcHJvY3VyZS5nb3YuaW4vY3BwcC9sYXRlc3RhY3RpdmV0ZW5kZXJzbmV3L2NwcHBkYXRhP3BhZ2U9MTU%3D "HTTP/1.1 200 OK"
INFO httpx: HTTP Request: GET https://eprocure.gov.in/cppp/latestactivetendersnew/cpppdata?url=aHR0cHM6Ly9lcHJvY3VyZS5nb3YuaW4vY3BwcC9sYXRlc3RhY3RpdmV0ZW5kZXJzbmV3L2NwcHBkYXRhP3BhZ2U9MTY%3D "HTTP/1.1 200 OK"
INFO httpx: HTTP Request: GET https://eprocure.gov.in/cppp/latestactivetendersnew/cpppdata?url=aHR0cHM6Ly9lcHJvY3VyZS5nb3YuaW4vY3BwcC9sYXRlc3RhY3RpdmV0ZW5kZXJzbmV3L2NwcHBkYXRhP3BhZ2U9MTc%3D "HTTP/1.1 200 OK"
INFO httpx: HTTP Request: GET https://eprocure.gov.in/cppp/latestactivetendersnew/cpppdata?url=aHR0cHM6Ly9lcHJvY3VyZS5nb3YuaW4vY3BwcC9sYXRlc3RhY3RpdmV0ZW5kZXJzbmV3L2NwcHBkYXRhP3BhZ2U9MTg%3D "HTTP/1.1 200 OK"
INFO httpx: HTTP Request: GET https://eprocure.gov.in/cppp/latestactivetendersnew/cpppdata?url=aHR0cHM6Ly9lcHJvY3VyZS5nb3YuaW4vY3BwcC9sYXRlc3RhY3RpdmV0ZW5kZXJzbmV3L2NwcHBkYXRhP3BhZ2U9MTk%3D "HTTP/1.1 200 OK"
INFO httpx: HTTP Request: GET https://eprocure.gov.in/cppp/latestactivetendersnew/cpppdata?url=aHR0cHM6Ly9lcHJvY3VyZS5nb3YuaW4vY3BwcC9sYXRlc3RhY3RpdmV0ZW5kZXJzbmV3L2NwcHBkYXRhP3BhZ2U9MjA%3D "HTTP/1.1 200 OK"
INFO app.connectors.base: CPPP: committed 200 records so far
INFO httpx: HTTP Request: GET https://eprocure.gov.in/cppp/latestactivetendersnew/cpppdata?url=aHR0cHM6Ly9lcHJvY3VyZS5nb3YuaW4vY3BwcC9sYXRlc3RhY3RpdmV0ZW5kZXJzbmV3L2NwcHBkYXRhP3BhZ2U9MjE%3D "HTTP/1.1 200 OK"
INFO httpx: HTTP Request: GET https://eprocure.gov.in/cppp/latestactivetendersnew/cpppdata?url=aHR0cHM6Ly9lcHJvY3VyZS5nb3YuaW4vY3BwcC9sYXRlc3RhY3RpdmV0ZW5kZXJzbmV3L2NwcHBkYXRhP3BhZ2U9MjI%3D "HTTP/1.1 200 OK"
INFO httpx: HTTP Request: GET https://eprocure.gov.in/cppp/latestactivetendersnew/cpppdata?url=aHR0cHM6Ly9lcHJvY3VyZS5nb3YuaW4vY3BwcC9sYXRlc3RhY3RpdmV0ZW5kZXJzbmV3L2NwcHBkYXRhP3BhZ2U9MjM%3D "HTTP/1.1 200 OK"
INFO httpx: HTTP Request: GET https://eprocure.gov.in/cppp/latestactivetendersnew/cpppdata?url=aHR0cHM6Ly9lcHJvY3VyZS5nb3YuaW4vY3BwcC9sYXRlc3RhY3RpdmV0ZW5kZXJzbmV3L2NwcHBkYXRhP3BhZ2U9MjQ%3D "HTTP/1.1 200 OK"
INFO httpx: HTTP Request: GET https://eprocure.gov.in/cppp/latestactivetendersnew/cpppdata?url=aHR0cHM6Ly9lcHJvY3VyZS5nb3YuaW4vY3BwcC9sYXRlc3RhY3RpdmV0ZW5kZXJzbmV3L2NwcHBkYXRhP3BhZ2U9MjU%3D "HTTP/1.1 200 OK"
INFO httpx: HTTP Request: GET https://eprocure.gov.in/cppp/latestactivetendersnew/cpppdata?url=aHR0cHM6Ly9lcHJvY3VyZS5nb3YuaW4vY3BwcC9sYXRlc3RhY3RpdmV0ZW5kZXJzbmV3L2NwcHBkYXRhP3BhZ2U9MjY%3D "HTTP/1.1 200 OK"
INFO httpx: HTTP Request: GET https://eprocure.gov.in/cppp/latestactivetendersnew/cpppdata?url=aHR0cHM6Ly9lcHJvY3VyZS5nb3YuaW4vY3BwcC9sYXRlc3RhY3RpdmV0ZW5kZXJzbmV3L2NwcHBkYXRhP3BhZ2U9Mjc%3D "HTTP/1.1 200 OK"
INFO httpx: HTTP Request: GET https://eprocure.gov.in/cppp/latestactivetendersnew/cpppdata?url=aHR0cHM6Ly9lcHJvY3VyZS5nb3YuaW4vY3BwcC9sYXRlc3RhY3RpdmV0ZW5kZXJzbmV3L2NwcHBkYXRhP3BhZ2U9Mjg%3D "HTTP/1.1 200 OK"
INFO httpx: HTTP Request: GET https://eprocure.gov.in/cppp/latestactivetendersnew/cpppdata?url=aHR0cHM6Ly9lcHJvY3VyZS5nb3YuaW4vY3BwcC9sYXRlc3RhY3RpdmV0ZW5kZXJzbmV3L2NwcHBkYXRhP3BhZ2U9Mjk%3D "HTTP/1.1 200 OK"
INFO httpx: HTTP Request: GET https://eprocure.gov.in/cppp/latestactivetendersnew/cpppdata?url=aHR0cHM6Ly9lcHJvY3VyZS5nb3YuaW4vY3BwcC9sYXRlc3RhY3RpdmV0ZW5kZXJzbmV3L2NwcHBkYXRhP3BhZ2U9MzA%3D "HTTP/1.1 200 OK"
INFO httpx: HTTP Request: GET https://eprocure.gov.in/cppp/latestactivetendersnew/cpppdata?url=aHR0cHM6Ly9lcHJvY3VyZS5nb3YuaW4vY3BwcC9sYXRlc3RhY3RpdmV0ZW5kZXJzbmV3L2NwcHBkYXRhP3BhZ2U9MzE%3D "HTTP/1.1 200 OK"
INFO httpx: HTTP Request: GET https://eprocure.gov.in/cppp/latestactivetendersnew/cpppdata?url=aHR0cHM6Ly9lcHJvY3VyZS5nb3YuaW4vY3BwcC9sYXRlc3RhY3RpdmV0ZW5kZXJzbmV3L2NwcHBkYXRhP3BhZ2U9MzI%3D "HTTP/1.1 200 OK"
INFO httpx: HTTP Request: GET https://eprocure.gov.in/cppp/latestactivetendersnew/cpppdata?url=aHR0cHM6Ly9lcHJvY3VyZS5nb3YuaW4vY3BwcC9sYXRlc3RhY3RpdmV0ZW5kZXJzbmV3L2NwcHBkYXRhP3BhZ2U9MzM%3D "HTTP/1.1 200 OK"
INFO httpx: HTTP Request: GET https://eprocure.gov.in/cppp/latestactivetendersnew/cpppdata?url=aHR0cHM6Ly9lcHJvY3VyZS5nb3YuaW4vY3BwcC9sYXRlc3RhY3RpdmV0ZW5kZXJzbmV3L2NwcHBkYXRhP3BhZ2U9MzQ%3D "HTTP/1.1 200 OK"
INFO httpx: HTTP Request: GET https://eprocure.gov.in/cppp/latestactivetendersnew/cpppdata?url=aHR0cHM6Ly9lcHJvY3VyZS5nb3YuaW4vY3BwcC9sYXRlc3RhY3RpdmV0ZW5kZXJzbmV3L2NwcHBkYXRhP3BhZ2U9MzU%3D "HTTP/1.1 200 OK"
INFO httpx: HTTP Request: GET https://eprocure.gov.in/cppp/latestactivetendersnew/cpppdata?url=aHR0cHM6Ly9lcHJvY3VyZS5nb3YuaW4vY3BwcC9sYXRlc3RhY3RpdmV0ZW5kZXJzbmV3L2NwcHBkYXRhP3BhZ2U9MzY%3D "HTTP/1.1 200 OK"
INFO httpx: HTTP Request: GET https://eprocure.gov.in/cppp/latestactivetendersnew/cpppdata?url=aHR0cHM6Ly9lcHJvY3VyZS5nb3YuaW4vY3BwcC9sYXRlc3RhY3RpdmV0ZW5kZXJzbmV3L2NwcHBkYXRhP3BhZ2U9Mzc%3D "HTTP/1.1 200 OK"
INFO httpx: HTTP Request: GET https://eprocure.gov.in/cppp/latestactivetendersnew/cpppdata?url=aHR0cHM6Ly9lcHJvY3VyZS5nb3YuaW4vY3BwcC9sYXRlc3RhY3RpdmV0ZW5kZXJzbmV3L2NwcHBkYXRhP3BhZ2U9Mzg%3D "HTTP/1.1 200 OK"
INFO httpx: HTTP Request: GET https://eprocure.gov.in/cppp/latestactivetendersnew/cpppdata?url=aHR0cHM6Ly9lcHJvY3VyZS5nb3YuaW4vY3BwcC9sYXRlc3RhY3RpdmV0ZW5kZXJzbmV3L2NwcHBkYXRhP3BhZ2U9Mzk%3D "HTTP/1.1 200 OK"
INFO httpx: HTTP Request: GET https://eprocure.gov.in/cppp/latestactivetendersnew/cpppdata?url=aHR0cHM6Ly9lcHJvY3VyZS5nb3YuaW4vY3BwcC9sYXRlc3RhY3RpdmV0ZW5kZXJzbmV3L2NwcHBkYXRhP3BhZ2U9NDA%3D "HTTP/1.1 200 OK"
INFO app.connectors.base: CPPP: committed 400 records so far
INFO httpx: HTTP Request: GET https://eprocure.gov.in/cppp/latestactivetendersnew/cpppdata?url=aHR0cHM6Ly9lcHJvY3VyZS5nb3YuaW4vY3BwcC9sYXRlc3RhY3RpdmV0ZW5kZXJzbmV3L2NwcHBkYXRhP3BhZ2U9NDE%3D "HTTP/1.1 200 OK"
INFO httpx: HTTP Request: GET https://eprocure.gov.in/cppp/latestactivetendersnew/cpppdata?url=aHR0cHM6Ly9lcHJvY3VyZS5nb3YuaW4vY3BwcC9sYXRlc3RhY3RpdmV0ZW5kZXJzbmV3L2NwcHBkYXRhP3BhZ2U9NDI%3D "HTTP/1.1 200 OK"
INFO httpx: HTTP Request: GET https://eprocure.gov.in/cppp/latestactivetendersnew/cpppdata?url=aHR0cHM6Ly9lcHJvY3VyZS5nb3YuaW4vY3BwcC9sYXRlc3RhY3RpdmV0ZW5kZXJzbmV3L2NwcHBkYXRhP3BhZ2U9NDM%3D "HTTP/1.1 200 OK"
INFO httpx: HTTP Request: GET https://eprocure.gov.in/cppp/latestactivetendersnew/cpppdata?url=aHR0cHM6Ly9lcHJvY3VyZS5nb3YuaW4vY3BwcC9sYXRlc3RhY3RpdmV0ZW5kZXJzbmV3L2NwcHBkYXRhP3BhZ2U9NDQ%3D "HTTP/1.1 200 OK"
INFO httpx: HTTP Request: GET https://eprocure.gov.in/cppp/latestactivetendersnew/cpppdata?url=aHR0cHM6Ly9lcHJvY3VyZS5nb3YuaW4vY3BwcC9sYXRlc3RhY3RpdmV0ZW5kZXJzbmV3L2NwcHBkYXRhP3BhZ2U9NDU%3D "HTTP/1.1 200 OK"
INFO httpx: HTTP Request: GET https://eprocure.gov.in/cppp/latestactivetendersnew/cpppdata?url=aHR0cHM6Ly9lcHJvY3VyZS5nb3YuaW4vY3BwcC9sYXRlc3RhY3RpdmV0ZW5kZXJzbmV3L2NwcHBkYXRhP3BhZ2U9NDY%3D "HTTP/1.1 200 OK"
INFO httpx: HTTP Request: GET https://eprocure.gov.in/cppp/latestactivetendersnew/cpppdata?url=aHR0cHM6Ly9lcHJvY3VyZS5nb3YuaW4vY3BwcC9sYXRlc3RhY3RpdmV0ZW5kZXJzbmV3L2NwcHBkYXRhP3BhZ2U9NDc%3D "HTTP/1.1 200 OK"
INFO httpx: HTTP Request: GET https://eprocure.gov.in/cppp/latestactivetendersnew/cpppdata?url=aHR0cHM6Ly9lcHJvY3VyZS5nb3YuaW4vY3BwcC9sYXRlc3RhY3RpdmV0ZW5kZXJzbmV3L2NwcHBkYXRhP3BhZ2U9NDg%3D "HTTP/1.1 200 OK"
INFO httpx: HTTP Request: GET https://eprocure.gov.in/cppp/latestactivetendersnew/cpppdata?url=aHR0cHM6Ly9lcHJvY3VyZS5nb3YuaW4vY3BwcC9sYXRlc3RhY3RpdmV0ZW5kZXJzbmV3L2NwcHBkYXRhP3BhZ2U9NDk%3D "HTTP/1.1 200 OK"
INFO httpx: HTTP Request: GET https://eprocure.gov.in/cppp/latestactivetendersnew/cpppdata?url=aHR0cHM6Ly9lcHJvY3VyZS5nb3YuaW4vY3BwcC9sYXRlc3RhY3RpdmV0ZW5kZXJzbmV3L2NwcHBkYXRhP3BhZ2U9NTA%3D "HTTP/1.1 200 OK"
INFO httpx: HTTP Request: GET https://eprocure.gov.in/cppp/latestactivetendersnew/cpppdata?url=aHR0cHM6Ly9lcHJvY3VyZS5nb3YuaW4vY3BwcC9sYXRlc3RhY3RpdmV0ZW5kZXJzbmV3L2NwcHBkYXRhP3BhZ2U9NTE%3D "HTTP/1.1 200 OK"
INFO httpx: HTTP Request: GET https://eprocure.gov.in/cppp/latestactivetendersnew/cpppdata?url=aHR0cHM6Ly9lcHJvY3VyZS5nb3YuaW4vY3BwcC9sYXRlc3RhY3RpdmV0ZW5kZXJzbmV3L2NwcHBkYXRhP3BhZ2U9NTI%3D "HTTP/1.1 200 OK"
INFO httpx: HTTP Request: GET https://eprocure.gov.in/cppp/latestactivetendersnew/cpppdata?url=aHR0cHM6Ly9lcHJvY3VyZS5nb3YuaW4vY3BwcC9sYXRlc3RhY3RpdmV0ZW5kZXJzbmV3L2NwcHBkYXRhP3BhZ2U9NTM%3D "HTTP/1.1 200 OK"
INFO httpx: HTTP Request: GET https://eprocure.gov.in/cppp/latestactivetendersnew/cpppdata?url=aHR0cHM6Ly9lcHJvY3VyZS5nb3YuaW4vY3BwcC9sYXRlc3RhY3RpdmV0ZW5kZXJzbmV3L2NwcHBkYXRhP3BhZ2U9NTQ%3D "HTTP/1.1 200 OK"
INFO httpx: HTTP Request: GET https://eprocure.gov.in/cppp/latestactivetendersnew/cpppdata?url=aHR0cHM6Ly9lcHJvY3VyZS5nb3YuaW4vY3BwcC9sYXRlc3RhY3RpdmV0ZW5kZXJzbmV3L2NwcHBkYXRhP3BhZ2U9NTU%3D "HTTP/1.1 200 OK"
INFO httpx: HTTP Request: GET https://eprocure.gov.in/cppp/latestactivetendersnew/cpppdata?url=aHR0cHM6Ly9lcHJvY3VyZS5nb3YuaW4vY3BwcC9sYXRlc3RhY3RpdmV0ZW5kZXJzbmV3L2NwcHBkYXRhP3BhZ2U9NTY%3D "HTTP/1.1 200 OK"
INFO httpx: HTTP Request: GET https://eprocure.gov.in/cppp/latestactivetendersnew/cpppdata?url=aHR0cHM6Ly9lcHJvY3VyZS5nb3YuaW4vY3BwcC9sYXRlc3RhY3RpdmV0ZW5kZXJzbmV3L2NwcHBkYXRhP3BhZ2U9NTc%3D "HTTP/1.1 200 OK"
INFO httpx: HTTP Request: GET https://eprocure.gov.in/cppp/latestactivetendersnew/cpppdata?url=aHR0cHM6Ly9lcHJvY3VyZS5nb3YuaW4vY3BwcC9sYXRlc3RhY3RpdmV0ZW5kZXJzbmV3L2NwcHBkYXRhP3BhZ2U9NTg%3D "HTTP/1.1 200 OK"
INFO httpx: HTTP Request: GET https://eprocure.gov.in/cppp/latestactivetendersnew/cpppdata?url=aHR0cHM6Ly9lcHJvY3VyZS5nb3YuaW4vY3BwcC9sYXRlc3RhY3RpdmV0ZW5kZXJzbmV3L2NwcHBkYXRhP3BhZ2U9NTk%3D "HTTP/1.1 200 OK"
INFO httpx: HTTP Request: GET https://eprocure.gov.in/cppp/latestactivetendersnew/cpppdata?url=aHR0cHM6Ly9lcHJvY3VyZS5nb3YuaW4vY3BwcC9sYXRlc3RhY3RpdmV0ZW5kZXJzbmV3L2NwcHBkYXRhP3BhZ2U9NjA%3D "HTTP/1.1 200 OK"
INFO app.connectors.base: CPPP: committed 600 records so far
INFO httpx: HTTP Request: GET https://eprocure.gov.in/cppp/latestactivetendersnew/cpppdata?url=aHR0cHM6Ly9lcHJvY3VyZS5nb3YuaW4vY3BwcC9sYXRlc3RhY3RpdmV0ZW5kZXJzbmV3L2NwcHBkYXRhP3BhZ2U9NjE%3D "HTTP/1.1 200 OK"
INFO httpx: HTTP Request: GET https://eprocure.gov.in/cppp/latestactivetendersnew/cpppdata?url=aHR0cHM6Ly9lcHJvY3VyZS5nb3YuaW4vY3BwcC9sYXRlc3RhY3RpdmV0ZW5kZXJzbmV3L2NwcHBkYXRhP3BhZ2U9NjI%3D "HTTP/1.1 200 OK"
INFO httpx: HTTP Request: GET https://eprocure.gov.in/cppp/latestactivetendersnew/cpppdata?url=aHR0cHM6Ly9lcHJvY3VyZS5nb3YuaW4vY3BwcC9sYXRlc3RhY3RpdmV0ZW5kZXJzbmV3L2NwcHBkYXRhP3BhZ2U9NjM%3D "HTTP/1.1 200 OK"
INFO httpx: HTTP Request: GET https://eprocure.gov.in/cppp/latestactivetendersnew/cpppdata?url=aHR0cHM6Ly9lcHJvY3VyZS5nb3YuaW4vY3BwcC9sYXRlc3RhY3RpdmV0ZW5kZXJzbmV3L2NwcHBkYXRhP3BhZ2U9NjQ%3D "HTTP/1.1 200 OK"
INFO httpx: HTTP Request: GET https://eprocure.gov.in/cppp/latestactivetendersnew/cpppdata?url=aHR0cHM6Ly9lcHJvY3VyZS5nb3YuaW4vY3BwcC9sYXRlc3RhY3RpdmV0ZW5kZXJzbmV3L2NwcHBkYXRhP3BhZ2U9NjU%3D "HTTP/1.1 200 OK"
INFO httpx: HTTP Request: GET https://eprocure.gov.in/cppp/latestactivetendersnew/cpppdata?url=aHR0cHM6Ly9lcHJvY3VyZS5nb3YuaW4vY3BwcC9sYXRlc3RhY3RpdmV0ZW5kZXJzbmV3L2NwcHBkYXRhP3BhZ2U9NjY%3D "HTTP/1.1 200 OK"
INFO httpx: HTTP Request: GET https://eprocure.gov.in/cppp/latestactivetendersnew/cpppdata?url=aHR0cHM6Ly9lcHJvY3VyZS5nb3YuaW4vY3BwcC9sYXRlc3RhY3RpdmV0ZW5kZXJzbmV3L2NwcHBkYXRhP3BhZ2U9Njc%3D "HTTP/1.1 200 OK"
INFO httpx: HTTP Request: GET https://eprocure.gov.in/cppp/latestactivetendersnew/cpppdata?url=aHR0cHM6Ly9lcHJvY3VyZS5nb3YuaW4vY3BwcC9sYXRlc3RhY3RpdmV0ZW5kZXJzbmV3L2NwcHBkYXRhP3BhZ2U9Njg%3D "HTTP/1.1 200 OK"
INFO httpx: HTTP Request: GET https://eprocure.gov.in/cppp/latestactivetendersnew/cpppdata?url=aHR0cHM6Ly9lcHJvY3VyZS5nb3YuaW4vY3BwcC9sYXRlc3RhY3RpdmV0ZW5kZXJzbmV3L2NwcHBkYXRhP3BhZ2U9Njk%3D "HTTP/1.1 200 OK"
INFO httpx: HTTP Request: GET https://eprocure.gov.in/cppp/latestactivetendersnew/cpppdata?url=aHR0cHM6Ly9lcHJvY3VyZS5nb3YuaW4vY3BwcC9sYXRlc3RhY3RpdmV0ZW5kZXJzbmV3L2NwcHBkYXRhP3BhZ2U9NzA%3D "HTTP/1.1 200 OK"
INFO httpx: HTTP Request: GET https://eprocure.gov.in/cppp/latestactivetendersnew/cpppdata?url=aHR0cHM6Ly9lcHJvY3VyZS5nb3YuaW4vY3BwcC9sYXRlc3RhY3RpdmV0ZW5kZXJzbmV3L2NwcHBkYXRhP3BhZ2U9NzE%3D "HTTP/1.1 200 OK"
INFO httpx: HTTP Request: GET https://eprocure.gov.in/cppp/latestactivetendersnew/cpppdata?url=aHR0cHM6Ly9lcHJvY3VyZS5nb3YuaW4vY3BwcC9sYXRlc3RhY3RpdmV0ZW5kZXJzbmV3L2NwcHBkYXRhP3BhZ2U9NzI%3D "HTTP/1.1 200 OK"
INFO httpx: HTTP Request: GET https://eprocure.gov.in/cppp/latestactivetendersnew/cpppdata?url=aHR0cHM6Ly9lcHJvY3VyZS5nb3YuaW4vY3BwcC9sYXRlc3RhY3RpdmV0ZW5kZXJzbmV3L2NwcHBkYXRhP3BhZ2U9NzM%3D "HTTP/1.1 200 OK"
INFO httpx: HTTP Request: GET https://eprocure.gov.in/cppp/latestactivetendersnew/cpppdata?url=aHR0cHM6Ly9lcHJvY3VyZS5nb3YuaW4vY3BwcC9sYXRlc3RhY3RpdmV0ZW5kZXJzbmV3L2NwcHBkYXRhP3BhZ2U9NzQ%3D "HTTP/1.1 200 OK"
INFO httpx: HTTP Request: GET https://eprocure.gov.in/cppp/latestactivetendersnew/cpppdata?url=aHR0cHM6Ly9lcHJvY3VyZS5nb3YuaW4vY3BwcC9sYXRlc3RhY3RpdmV0ZW5kZXJzbmV3L2NwcHBkYXRhP3BhZ2U9NzU%3D "HTTP/1.1 200 OK"
INFO httpx: HTTP Request: GET https://eprocure.gov.in/cppp/latestactivetendersnew/cpppdata?url=aHR0cHM6Ly9lcHJvY3VyZS5nb3YuaW4vY3BwcC9sYXRlc3RhY3RpdmV0ZW5kZXJzbmV3L2NwcHBkYXRhP3BhZ2U9NzY%3D "HTTP/1.1 200 OK"
INFO httpx: HTTP Request: GET https://eprocure.gov.in/cppp/latestactivetendersnew/cpppdata?url=aHR0cHM6Ly9lcHJvY3VyZS5nb3YuaW4vY3BwcC9sYXRlc3RhY3RpdmV0ZW5kZXJzbmV3L2NwcHBkYXRhP3BhZ2U9Nzc%3D "HTTP/1.1 200 OK"
INFO httpx: HTTP Request: GET https://eprocure.gov.in/cppp/latestactivetendersnew/cpppdata?url=aHR0cHM6Ly9lcHJvY3VyZS5nb3YuaW4vY3BwcC9sYXRlc3RhY3RpdmV0ZW5kZXJzbmV3L2NwcHBkYXRhP3BhZ2U9Nzg%3D "HTTP/1.1 200 OK"
INFO httpx: HTTP Request: GET https://eprocure.gov.in/cppp/latestactivetendersnew/cpppdata?url=aHR0cHM6Ly9lcHJvY3VyZS5nb3YuaW4vY3BwcC9sYXRlc3RhY3RpdmV0ZW5kZXJzbmV3L2NwcHBkYXRhP3BhZ2U9Nzk%3D "HTTP/1.1 200 OK"
INFO httpx: HTTP Request: GET https://eprocure.gov.in/cppp/latestactivetendersnew/cpppdata?url=aHR0cHM6Ly9lcHJvY3VyZS5nb3YuaW4vY3BwcC9sYXRlc3RhY3RpdmV0ZW5kZXJzbmV3L2NwcHBkYXRhP3BhZ2U9ODA%3D "HTTP/1.1 200 OK"
INFO app.connectors.base: CPPP: committed 800 records so far
INFO httpx: HTTP Request: GET https://eprocure.gov.in/cppp/latestactivetendersnew/cpppdata?url=aHR0cHM6Ly9lcHJvY3VyZS5nb3YuaW4vY3BwcC9sYXRlc3RhY3RpdmV0ZW5kZXJzbmV3L2NwcHBkYXRhP3BhZ2U9ODE%3D "HTTP/1.1 200 OK"
INFO httpx: HTTP Request: GET https://eprocure.gov.in/cppp/latestactivetendersnew/cpppdata?url=aHR0cHM6Ly9lcHJvY3VyZS5nb3YuaW4vY3BwcC9sYXRlc3RhY3RpdmV0ZW5kZXJzbmV3L2NwcHBkYXRhP3BhZ2U9ODI%3D "HTTP/1.1 200 OK"
INFO httpx: HTTP Request: GET https://eprocure.gov.in/cppp/latestactivetendersnew/cpppdata?url=aHR0cHM6Ly9lcHJvY3VyZS5nb3YuaW4vY3BwcC9sYXRlc3RhY3RpdmV0ZW5kZXJzbmV3L2NwcHBkYXRhP3BhZ2U9ODM%3D "HTTP/1.1 200 OK"
INFO httpx: HTTP Request: GET https://eprocure.gov.in/cppp/latestactivetendersnew/cpppdata?url=aHR0cHM6Ly9lcHJvY3VyZS5nb3YuaW4vY3BwcC9sYXRlc3RhY3RpdmV0ZW5kZXJzbmV3L2NwcHBkYXRhP3BhZ2U9ODQ%3D "HTTP/1.1 200 OK"
INFO httpx: HTTP Request: GET https://eprocure.gov.in/cppp/latestactivetendersnew/cpppdata?url=aHR0cHM6Ly9lcHJvY3VyZS5nb3YuaW4vY3BwcC9sYXRlc3RhY3RpdmV0ZW5kZXJzbmV3L2NwcHBkYXRhP3BhZ2U9ODU%3D "HTTP/1.1 200 OK"
INFO httpx: HTTP Request: GET https://eprocure.gov.in/cppp/latestactivetendersnew/cpppdata?url=aHR0cHM6Ly9lcHJvY3VyZS5nb3YuaW4vY3BwcC9sYXRlc3RhY3RpdmV0ZW5kZXJzbmV3L2NwcHBkYXRhP3BhZ2U9ODY%3D "HTTP/1.1 200 OK"
INFO httpx: HTTP Request: GET https://eprocure.gov.in/cppp/latestactivetendersnew/cpppdata?url=aHR0cHM6Ly9lcHJvY3VyZS5nb3YuaW4vY3BwcC9sYXRlc3RhY3RpdmV0ZW5kZXJzbmV3L2NwcHBkYXRhP3BhZ2U9ODc%3D "HTTP/1.1 200 OK"
INFO httpx: HTTP Request: GET https://eprocure.gov.in/cppp/latestactivetendersnew/cpppdata?url=aHR0cHM6Ly9lcHJvY3VyZS5nb3YuaW4vY3BwcC9sYXRlc3RhY3RpdmV0ZW5kZXJzbmV3L2NwcHBkYXRhP3BhZ2U9ODg%3D "HTTP/1.1 200 OK"
INFO httpx: HTTP Request: GET https://eprocure.gov.in/cppp/latestactivetendersnew/cpppdata?url=aHR0cHM6Ly9lcHJvY3VyZS5nb3YuaW4vY3BwcC9sYXRlc3RhY3RpdmV0ZW5kZXJzbmV3L2NwcHBkYXRhP3BhZ2U9ODk%3D "HTTP/1.1 200 OK"
INFO httpx: HTTP Request: GET https://eprocure.gov.in/cppp/latestactivetendersnew/cpppdata?url=aHR0cHM6Ly9lcHJvY3VyZS5nb3YuaW4vY3BwcC9sYXRlc3RhY3RpdmV0ZW5kZXJzbmV3L2NwcHBkYXRhP3BhZ2U9OTA%3D "HTTP/1.1 200 OK"
INFO httpx: HTTP Request: GET https://eprocure.gov.in/cppp/latestactivetendersnew/cpppdata?url=aHR0cHM6Ly9lcHJvY3VyZS5nb3YuaW4vY3BwcC9sYXRlc3RhY3RpdmV0ZW5kZXJzbmV3L2NwcHBkYXRhP3BhZ2U9OTE%3D "HTTP/1.1 200 OK"
INFO httpx: HTTP Request: GET https://eprocure.gov.in/cppp/latestactivetendersnew/cpppdata?url=aHR0cHM6Ly9lcHJvY3VyZS5nb3YuaW4vY3BwcC9sYXRlc3RhY3RpdmV0ZW5kZXJzbmV3L2NwcHBkYXRhP3BhZ2U9OTI%3D "HTTP/1.1 200 OK"
INFO httpx: HTTP Request: GET https://eprocure.gov.in/cppp/latestactivetendersnew/cpppdata?url=aHR0cHM6Ly9lcHJvY3VyZS5nb3YuaW4vY3BwcC9sYXRlc3RhY3RpdmV0ZW5kZXJzbmV3L2NwcHBkYXRhP3BhZ2U9OTM%3D "HTTP/1.1 200 OK"
INFO httpx: HTTP Request: GET https://eprocure.gov.in/cppp/latestactivetendersnew/cpppdata?url=aHR0cHM6Ly9lcHJvY3VyZS5nb3YuaW4vY3BwcC9sYXRlc3RhY3RpdmV0ZW5kZXJzbmV3L2NwcHBkYXRhP3BhZ2U9OTQ%3D "HTTP/1.1 200 OK"
INFO httpx: HTTP Request: GET https://eprocure.gov.in/cppp/latestactivetendersnew/cpppdata?url=aHR0cHM6Ly9lcHJvY3VyZS5nb3YuaW4vY3BwcC9sYXRlc3RhY3RpdmV0ZW5kZXJzbmV3L2NwcHBkYXRhP3BhZ2U9OTU%3D "HTTP/1.1 200 OK"
INFO httpx: HTTP Request: GET https://eprocure.gov.in/cppp/latestactivetendersnew/cpppdata?url=aHR0cHM6Ly9lcHJvY3VyZS5nb3YuaW4vY3BwcC9sYXRlc3RhY3RpdmV0ZW5kZXJzbmV3L2NwcHBkYXRhP3BhZ2U9OTY%3D "HTTP/1.1 200 OK"
INFO httpx: HTTP Request: GET https://eprocure.gov.in/cppp/latestactivetendersnew/cpppdata?url=aHR0cHM6Ly9lcHJvY3VyZS5nb3YuaW4vY3BwcC9sYXRlc3RhY3RpdmV0ZW5kZXJzbmV3L2NwcHBkYXRhP3BhZ2U9OTc%3D "HTTP/1.1 200 OK"
INFO httpx: HTTP Request: GET https://eprocure.gov.in/cppp/latestactivetendersnew/cpppdata?url=aHR0cHM6Ly9lcHJvY3VyZS5nb3YuaW4vY3BwcC9sYXRlc3RhY3RpdmV0ZW5kZXJzbmV3L2NwcHBkYXRhP3BhZ2U9OTg%3D "HTTP/1.1 200 OK"
INFO httpx: HTTP Request: GET https://eprocure.gov.in/cppp/latestactivetendersnew/cpppdata?url=aHR0cHM6Ly9lcHJvY3VyZS5nb3YuaW4vY3BwcC9sYXRlc3RhY3RpdmV0ZW5kZXJzbmV3L2NwcHBkYXRhP3BhZ2U9OTk%3D "HTTP/1.1 200 OK"
INFO httpx: HTTP Request: GET https://eprocure.gov.in/cppp/latestactivetendersnew/cpppdata?url=aHR0cHM6Ly9lcHJvY3VyZS5nb3YuaW4vY3BwcC9sYXRlc3RhY3RpdmV0ZW5kZXJzbmV3L2NwcHBkYXRhP3BhZ2U9MTAw "HTTP/1.1 200 OK"
INFO app.connectors.base: CPPP: committed 1000 records so far
INFO httpx: HTTP Request: GET https://eprocure.gov.in/cppp/latestactivetendersnew/cpppdata?url=aHR0cHM6Ly9lcHJvY3VyZS5nb3YuaW4vY3BwcC9sYXRlc3RhY3RpdmV0ZW5kZXJzbmV3L2NwcHBkYXRhP3BhZ2U9MTAx "HTTP/1.1 200 OK"
INFO httpx: HTTP Request: GET https://eprocure.gov.in/cppp/latestactivetendersnew/cpppdata?url=aHR0cHM6Ly9lcHJvY3VyZS5nb3YuaW4vY3BwcC9sYXRlc3RhY3RpdmV0ZW5kZXJzbmV3L2NwcHBkYXRhP3BhZ2U9MTAy "HTTP/1.1 200 OK"
INFO httpx: HTTP Request: GET https://eprocure.gov.in/cppp/latestactivetendersnew/cpppdata?url=aHR0cHM6Ly9lcHJvY3VyZS5nb3YuaW4vY3BwcC9sYXRlc3RhY3RpdmV0ZW5kZXJzbmV3L2NwcHBkYXRhP3BhZ2U9MTAz "HTTP/1.1 200 OK"
INFO httpx: HTTP Request: GET https://eprocure.gov.in/cppp/latestactivetendersnew/cpppdata?url=aHR0cHM6Ly9lcHJvY3VyZS5nb3YuaW4vY3BwcC9sYXRlc3RhY3RpdmV0ZW5kZXJzbmV3L2NwcHBkYXRhP3BhZ2U9MTA0 "HTTP/1.1 200 OK"
INFO httpx: HTTP Request: GET https://eprocure.gov.in/cppp/latestactivetendersnew/cpppdata?url=aHR0cHM6Ly9lcHJvY3VyZS5nb3YuaW4vY3BwcC9sYXRlc3RhY3RpdmV0ZW5kZXJzbmV3L2NwcHBkYXRhP3BhZ2U9MTA1 "HTTP/1.1 200 OK"
INFO httpx: HTTP Request: GET https://eprocure.gov.in/cppp/latestactivetendersnew/cpppdata?url=aHR0cHM6Ly9lcHJvY3VyZS5nb3YuaW4vY3BwcC9sYXRlc3RhY3RpdmV0ZW5kZXJzbmV3L2NwcHBkYXRhP3BhZ2U9MTA2 "HTTP/1.1 200 OK"
INFO httpx: HTTP Request: GET https://eprocure.gov.in/cppp/latestactivetendersnew/cpppdata?url=aHR0cHM6Ly9lcHJvY3VyZS5nb3YuaW4vY3BwcC9sYXRlc3RhY3RpdmV0ZW5kZXJzbmV3L2NwcHBkYXRhP3BhZ2U9MTA3 "HTTP/1.1 200 OK"
INFO httpx: HTTP Request: GET https://eprocure.gov.in/cppp/latestactivetendersnew/cpppdata?url=aHR0cHM6Ly9lcHJvY3VyZS5nb3YuaW4vY3BwcC9sYXRlc3RhY3RpdmV0ZW5kZXJzbmV3L2NwcHBkYXRhP3BhZ2U9MTA4 "HTTP/1.1 200 OK"
INFO httpx: HTTP Request: GET https://eprocure.gov.in/cppp/latestactivetendersnew/cpppdata?url=aHR0cHM6Ly9lcHJvY3VyZS5nb3YuaW4vY3BwcC9sYXRlc3RhY3RpdmV0ZW5kZXJzbmV3L2NwcHBkYXRhP3BhZ2U9MTA5 "HTTP/1.1 200 OK"
INFO httpx: HTTP Request: GET https://eprocure.gov.in/cppp/latestactivetendersnew/cpppdata?url=aHR0cHM6Ly9lcHJvY3VyZS5nb3YuaW4vY3BwcC9sYXRlc3RhY3RpdmV0ZW5kZXJzbmV3L2NwcHBkYXRhP3BhZ2U9MTEw "HTTP/1.1 200 OK"
INFO httpx: HTTP Request: GET https://eprocure.gov.in/cppp/latestactivetendersnew/cpppdata?url=aHR0cHM6Ly9lcHJvY3VyZS5nb3YuaW4vY3BwcC9sYXRlc3RhY3RpdmV0ZW5kZXJzbmV3L2NwcHBkYXRhP3BhZ2U9MTEx "HTTP/1.1 200 OK"
INFO httpx: HTTP Request: GET https://eprocure.gov.in/cppp/latestactivetendersnew/cpppdata?url=aHR0cHM6Ly9lcHJvY3VyZS5nb3YuaW4vY3BwcC9sYXRlc3RhY3RpdmV0ZW5kZXJzbmV3L2NwcHBkYXRhP3BhZ2U9MTEy "HTTP/1.1 200 OK"
INFO httpx: HTTP Request: GET https://eprocure.gov.in/cppp/latestactivetendersnew/cpppdata?url=aHR0cHM6Ly9lcHJvY3VyZS5nb3YuaW4vY3BwcC9sYXRlc3RhY3RpdmV0ZW5kZXJzbmV3L2NwcHBkYXRhP3BhZ2U9MTEz "HTTP/1.1 200 OK"
INFO httpx: HTTP Request: GET https://eprocure.gov.in/cppp/latestactivetendersnew/cpppdata?url=aHR0cHM6Ly9lcHJvY3VyZS5nb3YuaW4vY3BwcC9sYXRlc3RhY3RpdmV0ZW5kZXJzbmV3L2NwcHBkYXRhP3BhZ2U9MTE0 "HTTP/1.1 200 OK"
INFO httpx: HTTP Request: GET https://eprocure.gov.in/cppp/latestactivetendersnew/cpppdata?url=aHR0cHM6Ly9lcHJvY3VyZS5nb3YuaW4vY3BwcC9sYXRlc3RhY3RpdmV0ZW5kZXJzbmV3L2NwcHBkYXRhP3BhZ2U9MTE1 "HTTP/1.1 200 OK"
INFO httpx: HTTP Request: GET https://eprocure.gov.in/cppp/latestactivetendersnew/cpppdata?url=aHR0cHM6Ly9lcHJvY3VyZS5nb3YuaW4vY3BwcC9sYXRlc3RhY3RpdmV0ZW5kZXJzbmV3L2NwcHBkYXRhP3BhZ2U9MTE2 "HTTP/1.1 200 OK"
INFO httpx: HTTP Request: GET https://eprocure.gov.in/cppp/latestactivetendersnew/cpppdata?url=aHR0cHM6Ly9lcHJvY3VyZS5nb3YuaW4vY3BwcC9sYXRlc3RhY3RpdmV0ZW5kZXJzbmV3L2NwcHBkYXRhP3BhZ2U9MTE3 "HTTP/1.1 200 OK"
INFO httpx: HTTP Request: GET https://eprocure.gov.in/cppp/latestactivetendersnew/cpppdata?url=aHR0cHM6Ly9lcHJvY3VyZS5nb3YuaW4vY3BwcC9sYXRlc3RhY3RpdmV0ZW5kZXJzbmV3L2NwcHBkYXRhP3BhZ2U9MTE4 "HTTP/1.1 200 OK"
INFO httpx: HTTP Request: GET https://eprocure.gov.in/cppp/latestactivetendersnew/cpppdata?url=aHR0cHM6Ly9lcHJvY3VyZS5nb3YuaW4vY3BwcC9sYXRlc3RhY3RpdmV0ZW5kZXJzbmV3L2NwcHBkYXRhP3BhZ2U9MTE5 "HTTP/1.1 200 OK"
INFO httpx: HTTP Request: GET https://eprocure.gov.in/cppp/latestactivetendersnew/cpppdata?url=aHR0cHM6Ly9lcHJvY3VyZS5nb3YuaW4vY3BwcC9sYXRlc3RhY3RpdmV0ZW5kZXJzbmV3L2NwcHBkYXRhP3BhZ2U9MTIw "HTTP/1.1 200 OK"
INFO app.connectors.base: CPPP: committed 1200 records so far
INFO httpx: HTTP Request: GET https://eprocure.gov.in/cppp/latestactivetendersnew/cpppdata?url=aHR0cHM6Ly9lcHJvY3VyZS5nb3YuaW4vY3BwcC9sYXRlc3RhY3RpdmV0ZW5kZXJzbmV3L2NwcHBkYXRhP3BhZ2U9MTIx "HTTP/1.1 200 OK"
INFO httpx: HTTP Request: GET https://eprocure.gov.in/cppp/latestactivetendersnew/cpppdata?url=aHR0cHM6Ly9lcHJvY3VyZS5nb3YuaW4vY3BwcC9sYXRlc3RhY3RpdmV0ZW5kZXJzbmV3L2NwcHBkYXRhP3BhZ2U9MTIy "HTTP/1.1 200 OK"
INFO httpx: HTTP Request: GET https://eprocure.gov.in/cppp/latestactivetendersnew/cpppdata?url=aHR0cHM6Ly9lcHJvY3VyZS5nb3YuaW4vY3BwcC9sYXRlc3RhY3RpdmV0ZW5kZXJzbmV3L2NwcHBkYXRhP3BhZ2U9MTIz "HTTP/1.1 200 OK"
INFO httpx: HTTP Request: GET https://eprocure.gov.in/cppp/latestactivetendersnew/cpppdata?url=aHR0cHM6Ly9lcHJvY3VyZS5nb3YuaW4vY3BwcC9sYXRlc3RhY3RpdmV0ZW5kZXJzbmV3L2NwcHBkYXRhP3BhZ2U9MTI0 "HTTP/1.1 200 OK"
INFO httpx: HTTP Request: GET https://eprocure.gov.in/cppp/latestactivetendersnew/cpppdata?url=aHR0cHM6Ly9lcHJvY3VyZS5nb3YuaW4vY3BwcC9sYXRlc3RhY3RpdmV0ZW5kZXJzbmV3L2NwcHBkYXRhP3BhZ2U9MTI1 "HTTP/1.1 200 OK"
INFO httpx: HTTP Request: GET https://eprocure.gov.in/cppp/latestactivetendersnew/cpppdata?url=aHR0cHM6Ly9lcHJvY3VyZS5nb3YuaW4vY3BwcC9sYXRlc3RhY3RpdmV0ZW5kZXJzbmV3L2NwcHBkYXRhP3BhZ2U9MTI2 "HTTP/1.1 200 OK"
INFO httpx: HTTP Request: GET https://eprocure.gov.in/cppp/latestactivetendersnew/cpppdata?url=aHR0cHM6Ly9lcHJvY3VyZS5nb3YuaW4vY3BwcC9sYXRlc3RhY3RpdmV0ZW5kZXJzbmV3L2NwcHBkYXRhP3BhZ2U9MTI3 "HTTP/1.1 200 OK"
INFO httpx: HTTP Request: GET https://eprocure.gov.in/cppp/latestactivetendersnew/cpppdata?url=aHR0cHM6Ly9lcHJvY3VyZS5nb3YuaW4vY3BwcC9sYXRlc3RhY3RpdmV0ZW5kZXJzbmV3L2NwcHBkYXRhP3BhZ2U9MTI4 "HTTP/1.1 200 OK"
INFO httpx: HTTP Request: GET https://eprocure.gov.in/cppp/latestactivetendersnew/cpppdata?url=aHR0cHM6Ly9lcHJvY3VyZS5nb3YuaW4vY3BwcC9sYXRlc3RhY3RpdmV0ZW5kZXJzbmV3L2NwcHBkYXRhP3BhZ2U9MTI5 "HTTP/1.1 200 OK"
INFO httpx: HTTP Request: GET https://eprocure.gov.in/cppp/latestactivetendersnew/cpppdata?url=aHR0cHM6Ly9lcHJvY3VyZS5nb3YuaW4vY3BwcC9sYXRlc3RhY3RpdmV0ZW5kZXJzbmV3L2NwcHBkYXRhP3BhZ2U9MTMw "HTTP/1.1 200 OK"
INFO httpx: HTTP Request: GET https://eprocure.gov.in/cppp/latestactivetendersnew/cpppdata?url=aHR0cHM6Ly9lcHJvY3VyZS5nb3YuaW4vY3BwcC9sYXRlc3RhY3RpdmV0ZW5kZXJzbmV3L2NwcHBkYXRhP3BhZ2U9MTMx "HTTP/1.1 200 OK"
INFO httpx: HTTP Request: GET https://eprocure.gov.in/cppp/latestactivetendersnew/cpppdata?url=aHR0cHM6Ly9lcHJvY3VyZS5nb3YuaW4vY3BwcC9sYXRlc3RhY3RpdmV0ZW5kZXJzbmV3L2NwcHBkYXRhP3BhZ2U9MTMy "HTTP/1.1 200 OK"
INFO httpx: HTTP Request: GET https://eprocure.gov.in/cppp/latestactivetendersnew/cpppdata?url=aHR0cHM6Ly9lcHJvY3VyZS5nb3YuaW4vY3BwcC9sYXRlc3RhY3RpdmV0ZW5kZXJzbmV3L2NwcHBkYXRhP3BhZ2U9MTMz "HTTP/1.1 200 OK"
INFO httpx: HTTP Request: GET https://eprocure.gov.in/cppp/latestactivetendersnew/cpppdata?url=aHR0cHM6Ly9lcHJvY3VyZS5nb3YuaW4vY3BwcC9sYXRlc3RhY3RpdmV0ZW5kZXJzbmV3L2NwcHBkYXRhP3BhZ2U9MTM0 "HTTP/1.1 200 OK"
INFO httpx: HTTP Request: GET https://eprocure.gov.in/cppp/latestactivetendersnew/cpppdata?url=aHR0cHM6Ly9lcHJvY3VyZS5nb3YuaW4vY3BwcC9sYXRlc3RhY3RpdmV0ZW5kZXJzbmV3L2NwcHBkYXRhP3BhZ2U9MTM1 "HTTP/1.1 200 OK"
INFO httpx: HTTP Request: GET https://eprocure.gov.in/cppp/latestactivetendersnew/cpppdata?url=aHR0cHM6Ly9lcHJvY3VyZS5nb3YuaW4vY3BwcC9sYXRlc3RhY3RpdmV0ZW5kZXJzbmV3L2NwcHBkYXRhP3BhZ2U9MTM2 "HTTP/1.1 200 OK"
INFO httpx: HTTP Request: GET https://eprocure.gov.in/cppp/latestactivetendersnew/cpppdata?url=aHR0cHM6Ly9lcHJvY3VyZS5nb3YuaW4vY3BwcC9sYXRlc3RhY3RpdmV0ZW5kZXJzbmV3L2NwcHBkYXRhP3BhZ2U9MTM3 "HTTP/1.1 200 OK"
INFO httpx: HTTP Request: GET https://eprocure.gov.in/cppp/latestactivetendersnew/cpppdata?url=aHR0cHM6Ly9lcHJvY3VyZS5nb3YuaW4vY3BwcC9sYXRlc3RhY3RpdmV0ZW5kZXJzbmV3L2NwcHBkYXRhP3BhZ2U9MTM4 "HTTP/1.1 200 OK"
INFO httpx: HTTP Request: GET https://eprocure.gov.in/cppp/latestactivetendersnew/cpppdata?url=aHR0cHM6Ly9lcHJvY3VyZS5nb3YuaW4vY3BwcC9sYXRlc3RhY3RpdmV0ZW5kZXJzbmV3L2NwcHBkYXRhP3BhZ2U9MTM5 "HTTP/1.1 200 OK"
INFO httpx: HTTP Request: GET https://eprocure.gov.in/cppp/latestactivetendersnew/cpppdata?url=aHR0cHM6Ly9lcHJvY3VyZS5nb3YuaW4vY3BwcC9sYXRlc3RhY3RpdmV0ZW5kZXJzbmV3L2NwcHBkYXRhP3BhZ2U9MTQw "HTTP/1.1 200 OK"
INFO app.connectors.base: CPPP: committed 1400 records so far
INFO httpx: HTTP Request: GET https://eprocure.gov.in/cppp/latestactivetendersnew/cpppdata?url=aHR0cHM6Ly9lcHJvY3VyZS5nb3YuaW4vY3BwcC9sYXRlc3RhY3RpdmV0ZW5kZXJzbmV3L2NwcHBkYXRhP3BhZ2U9MTQx "HTTP/1.1 200 OK"
INFO httpx: HTTP Request: GET https://eprocure.gov.in/cppp/latestactivetendersnew/cpppdata?url=aHR0cHM6Ly9lcHJvY3VyZS5nb3YuaW4vY3BwcC9sYXRlc3RhY3RpdmV0ZW5kZXJzbmV3L2NwcHBkYXRhP3BhZ2U9MTQy "HTTP/1.1 200 OK"
INFO httpx: HTTP Request: GET https://eprocure.gov.in/cppp/latestactivetendersnew/cpppdata?url=aHR0cHM6Ly9lcHJvY3VyZS5nb3YuaW4vY3BwcC9sYXRlc3RhY3RpdmV0ZW5kZXJzbmV3L2NwcHBkYXRhP3BhZ2U9MTQz "HTTP/1.1 200 OK"
INFO httpx: HTTP Request: GET https://eprocure.gov.in/cppp/latestactivetendersnew/cpppdata?url=aHR0cHM6Ly9lcHJvY3VyZS5nb3YuaW4vY3BwcC9sYXRlc3RhY3RpdmV0ZW5kZXJzbmV3L2NwcHBkYXRhP3BhZ2U9MTQ0 "HTTP/1.1 200 OK"
INFO httpx: HTTP Request: GET https://eprocure.gov.in/cppp/latestactivetendersnew/cpppdata?url=aHR0cHM6Ly9lcHJvY3VyZS5nb3YuaW4vY3BwcC9sYXRlc3RhY3RpdmV0ZW5kZXJzbmV3L2NwcHBkYXRhP3BhZ2U9MTQ1 "HTTP/1.1 200 OK"
INFO httpx: HTTP Request: GET https://eprocure.gov.in/cppp/latestactivetendersnew/cpppdata?url=aHR0cHM6Ly9lcHJvY3VyZS5nb3YuaW4vY3BwcC9sYXRlc3RhY3RpdmV0ZW5kZXJzbmV3L2NwcHBkYXRhP3BhZ2U9MTQ2 "HTTP/1.1 200 OK"
INFO httpx: HTTP Request: GET https://eprocure.gov.in/cppp/latestactivetendersnew/cpppdata?url=aHR0cHM6Ly9lcHJvY3VyZS5nb3YuaW4vY3BwcC9sYXRlc3RhY3RpdmV0ZW5kZXJzbmV3L2NwcHBkYXRhP3BhZ2U9MTQ3 "HTTP/1.1 200 OK"
INFO httpx: HTTP Request: GET https://eprocure.gov.in/cppp/latestactivetendersnew/cpppdata?url=aHR0cHM6Ly9lcHJvY3VyZS5nb3YuaW4vY3BwcC9sYXRlc3RhY3RpdmV0ZW5kZXJzbmV3L2NwcHBkYXRhP3BhZ2U9MTQ4 "HTTP/1.1 200 OK"
INFO httpx: HTTP Request: GET https://eprocure.gov.in/cppp/latestactivetendersnew/cpppdata?url=aHR0cHM6Ly9lcHJvY3VyZS5nb3YuaW4vY3BwcC9sYXRlc3RhY3RpdmV0ZW5kZXJzbmV3L2NwcHBkYXRhP3BhZ2U9MTQ5 "HTTP/1.1 200 OK"
INFO httpx: HTTP Request: GET https://eprocure.gov.in/cppp/latestactivetendersnew/cpppdata?url=aHR0cHM6Ly9lcHJvY3VyZS5nb3YuaW4vY3BwcC9sYXRlc3RhY3RpdmV0ZW5kZXJzbmV3L2NwcHBkYXRhP3BhZ2U9MTUw "HTTP/1.1 200 OK"
INFO httpx: HTTP Request: GET https://eprocure.gov.in/cppp/latestactivetendersnew/cpppdata?url=aHR0cHM6Ly9lcHJvY3VyZS5nb3YuaW4vY3BwcC9sYXRlc3RhY3RpdmV0ZW5kZXJzbmV3L2NwcHBkYXRhP3BhZ2U9MTUx "HTTP/1.1 200 OK"
INFO httpx: HTTP Request: GET https://eprocure.gov.in/cppp/latestactivetendersnew/cpppdata?url=aHR0cHM6Ly9lcHJvY3VyZS5nb3YuaW4vY3BwcC9sYXRlc3RhY3RpdmV0ZW5kZXJzbmV3L2NwcHBkYXRhP3BhZ2U9MTUy "HTTP/1.1 200 OK"
INFO httpx: HTTP Request: GET https://eprocure.gov.in/cppp/latestactivetendersnew/cpppdata?url=aHR0cHM6Ly9lcHJvY3VyZS5nb3YuaW4vY3BwcC9sYXRlc3RhY3RpdmV0ZW5kZXJzbmV3L2NwcHBkYXRhP3BhZ2U9MTUz "HTTP/1.1 200 OK"
INFO httpx: HTTP Request: GET https://eprocure.gov.in/cppp/latestactivetendersnew/cpppdata?url=aHR0cHM6Ly9lcHJvY3VyZS5nb3YuaW4vY3BwcC9sYXRlc3RhY3RpdmV0ZW5kZXJzbmV3L2NwcHBkYXRhP3BhZ2U9MTU0 "HTTP/1.1 200 OK"
INFO httpx: HTTP Request: GET https://eprocure.gov.in/cppp/latestactivetendersnew/cpppdata?url=aHR0cHM6Ly9lcHJvY3VyZS5nb3YuaW4vY3BwcC9sYXRlc3RhY3RpdmV0ZW5kZXJzbmV3L2NwcHBkYXRhP3BhZ2U9MTU1 "HTTP/1.1 200 OK"
INFO httpx: HTTP Request: GET https://eprocure.gov.in/cppp/latestactivetendersnew/cpppdata?url=aHR0cHM6Ly9lcHJvY3VyZS5nb3YuaW4vY3BwcC9sYXRlc3RhY3RpdmV0ZW5kZXJzbmV3L2NwcHBkYXRhP3BhZ2U9MTU2 "HTTP/1.1 200 OK"
INFO httpx: HTTP Request: GET https://eprocure.gov.in/cppp/latestactivetendersnew/cpppdata?url=aHR0cHM6Ly9lcHJvY3VyZS5nb3YuaW4vY3BwcC9sYXRlc3RhY3RpdmV0ZW5kZXJzbmV3L2NwcHBkYXRhP3BhZ2U9MTU3 "HTTP/1.1 200 OK"
INFO httpx: HTTP Request: GET https://eprocure.gov.in/cppp/latestactivetendersnew/cpppdata?url=aHR0cHM6Ly9lcHJvY3VyZS5nb3YuaW4vY3BwcC9sYXRlc3RhY3RpdmV0ZW5kZXJzbmV3L2NwcHBkYXRhP3BhZ2U9MTU4 "HTTP/1.1 200 OK"
INFO httpx: HTTP Request: GET https://eprocure.gov.in/cppp/latestactivetendersnew/cpppdata?url=aHR0cHM6Ly9lcHJvY3VyZS5nb3YuaW4vY3BwcC9sYXRlc3RhY3RpdmV0ZW5kZXJzbmV3L2NwcHBkYXRhP3BhZ2U9MTU5 "HTTP/1.1 200 OK"
INFO httpx: HTTP Request: GET https://eprocure.gov.in/cppp/latestactivetendersnew/cpppdata?url=aHR0cHM6Ly9lcHJvY3VyZS5nb3YuaW4vY3BwcC9sYXRlc3RhY3RpdmV0ZW5kZXJzbmV3L2NwcHBkYXRhP3BhZ2U9MTYw "HTTP/1.1 200 OK"
INFO app.connectors.base: CPPP: committed 1600 records so far
INFO httpx: HTTP Request: GET https://eprocure.gov.in/cppp/latestactivetendersnew/cpppdata?url=aHR0cHM6Ly9lcHJvY3VyZS5nb3YuaW4vY3BwcC9sYXRlc3RhY3RpdmV0ZW5kZXJzbmV3L2NwcHBkYXRhP3BhZ2U9MTYx "HTTP/1.1 200 OK"
INFO httpx: HTTP Request: GET https://eprocure.gov.in/cppp/latestactivetendersnew/cpppdata?url=aHR0cHM6Ly9lcHJvY3VyZS5nb3YuaW4vY3BwcC9sYXRlc3RhY3RpdmV0ZW5kZXJzbmV3L2NwcHBkYXRhP3BhZ2U9MTYy "HTTP/1.1 200 OK"
INFO httpx: HTTP Request: GET https://eprocure.gov.in/cppp/latestactivetendersnew/cpppdata?url=aHR0cHM6Ly9lcHJvY3VyZS5nb3YuaW4vY3BwcC9sYXRlc3RhY3RpdmV0ZW5kZXJzbmV3L2NwcHBkYXRhP3BhZ2U9MTYz "HTTP/1.1 200 OK"
INFO httpx: HTTP Request: GET https://eprocure.gov.in/cppp/latestactivetendersnew/cpppdata?url=aHR0cHM6Ly9lcHJvY3VyZS5nb3YuaW4vY3BwcC9sYXRlc3RhY3RpdmV0ZW5kZXJzbmV3L2NwcHBkYXRhP3BhZ2U9MTY0 "HTTP/1.1 200 OK"
INFO httpx: HTTP Request: GET https://eprocure.gov.in/cppp/latestactivetendersnew/cpppdata?url=aHR0cHM6Ly9lcHJvY3VyZS5nb3YuaW4vY3BwcC9sYXRlc3RhY3RpdmV0ZW5kZXJzbmV3L2NwcHBkYXRhP3BhZ2U9MTY1 "HTTP/1.1 200 OK"
INFO httpx: HTTP Request: GET https://eprocure.gov.in/cppp/latestactivetendersnew/cpppdata?url=aHR0cHM6Ly9lcHJvY3VyZS5nb3YuaW4vY3BwcC9sYXRlc3RhY3RpdmV0ZW5kZXJzbmV3L2NwcHBkYXRhP3BhZ2U9MTY2 "HTTP/1.1 200 OK"
INFO httpx: HTTP Request: GET https://eprocure.gov.in/cppp/latestactivetendersnew/cpppdata?url=aHR0cHM6Ly9lcHJvY3VyZS5nb3YuaW4vY3BwcC9sYXRlc3RhY3RpdmV0ZW5kZXJzbmV3L2NwcHBkYXRhP3BhZ2U9MTY3 "HTTP/1.1 200 OK"
INFO httpx: HTTP Request: GET https://eprocure.gov.in/cppp/latestactivetendersnew/cpppdata?url=aHR0cHM6Ly9lcHJvY3VyZS5nb3YuaW4vY3BwcC9sYXRlc3RhY3RpdmV0ZW5kZXJzbmV3L2NwcHBkYXRhP3BhZ2U9MTY4 "HTTP/1.1 200 OK"
INFO httpx: HTTP Request: GET https://eprocure.gov.in/cppp/latestactivetendersnew/cpppdata?url=aHR0cHM6Ly9lcHJvY3VyZS5nb3YuaW4vY3BwcC9sYXRlc3RhY3RpdmV0ZW5kZXJzbmV3L2NwcHBkYXRhP3BhZ2U9MTY5 "HTTP/1.1 200 OK"
INFO httpx: HTTP Request: GET https://eprocure.gov.in/cppp/latestactivetendersnew/cpppdata?url=aHR0cHM6Ly9lcHJvY3VyZS5nb3YuaW4vY3BwcC9sYXRlc3RhY3RpdmV0ZW5kZXJzbmV3L2NwcHBkYXRhP3BhZ2U9MTcw "HTTP/1.1 200 OK"
INFO httpx: HTTP Request: GET https://eprocure.gov.in/cppp/latestactivetendersnew/cpppdata?url=aHR0cHM6Ly9lcHJvY3VyZS5nb3YuaW4vY3BwcC9sYXRlc3RhY3RpdmV0ZW5kZXJzbmV3L2NwcHBkYXRhP3BhZ2U9MTcx "HTTP/1.1 200 OK"
INFO httpx: HTTP Request: GET https://eprocure.gov.in/cppp/latestactivetendersnew/cpppdata?url=aHR0cHM6Ly9lcHJvY3VyZS5nb3YuaW4vY3BwcC9sYXRlc3RhY3RpdmV0ZW5kZXJzbmV3L2NwcHBkYXRhP3BhZ2U9MTcy "HTTP/1.1 200 OK"
INFO httpx: HTTP Request: GET https://eprocure.gov.in/cppp/latestactivetendersnew/cpppdata?url=aHR0cHM6Ly9lcHJvY3VyZS5nb3YuaW4vY3BwcC9sYXRlc3RhY3RpdmV0ZW5kZXJzbmV3L2NwcHBkYXRhP3BhZ2U9MTcz "HTTP/1.1 200 OK"
INFO httpx: HTTP Request: GET https://eprocure.gov.in/cppp/latestactivetendersnew/cpppdata?url=aHR0cHM6Ly9lcHJvY3VyZS5nb3YuaW4vY3BwcC9sYXRlc3RhY3RpdmV0ZW5kZXJzbmV3L2NwcHBkYXRhP3BhZ2U9MTc0 "HTTP/1.1 200 OK"
INFO httpx: HTTP Request: GET https://eprocure.gov.in/cppp/latestactivetendersnew/cpppdata?url=aHR0cHM6Ly9lcHJvY3VyZS5nb3YuaW4vY3BwcC9sYXRlc3RhY3RpdmV0ZW5kZXJzbmV3L2NwcHBkYXRhP3BhZ2U9MTc1 "HTTP/1.1 200 OK"
INFO httpx: HTTP Request: GET https://eprocure.gov.in/cppp/latestactivetendersnew/cpppdata?url=aHR0cHM6Ly9lcHJvY3VyZS5nb3YuaW4vY3BwcC9sYXRlc3RhY3RpdmV0ZW5kZXJzbmV3L2NwcHBkYXRhP3BhZ2U9MTc2 "HTTP/1.1 200 OK"
INFO httpx: HTTP Request: GET https://eprocure.gov.in/cppp/latestactivetendersnew/cpppdata?url=aHR0cHM6Ly9lcHJvY3VyZS5nb3YuaW4vY3BwcC9sYXRlc3RhY3RpdmV0ZW5kZXJzbmV3L2NwcHBkYXRhP3BhZ2U9MTc3 "HTTP/1.1 200 OK"
INFO httpx: HTTP Request: GET https://eprocure.gov.in/cppp/latestactivetendersnew/cpppdata?url=aHR0cHM6Ly9lcHJvY3VyZS5nb3YuaW4vY3BwcC9sYXRlc3RhY3RpdmV0ZW5kZXJzbmV3L2NwcHBkYXRhP3BhZ2U9MTc4 "HTTP/1.1 200 OK"
INFO httpx: HTTP Request: GET https://eprocure.gov.in/cppp/latestactivetendersnew/cpppdata?url=aHR0cHM6Ly9lcHJvY3VyZS5nb3YuaW4vY3BwcC9sYXRlc3RhY3RpdmV0ZW5kZXJzbmV3L2NwcHBkYXRhP3BhZ2U9MTc5 "HTTP/1.1 200 OK"
INFO httpx: HTTP Request: GET https://eprocure.gov.in/cppp/latestactivetendersnew/cpppdata?url=aHR0cHM6Ly9lcHJvY3VyZS5nb3YuaW4vY3BwcC9sYXRlc3RhY3RpdmV0ZW5kZXJzbmV3L2NwcHBkYXRhP3BhZ2U9MTgw "HTTP/1.1 200 OK"
INFO app.connectors.base: CPPP: committed 1800 records so far
INFO httpx: HTTP Request: GET https://eprocure.gov.in/cppp/latestactivetendersnew/cpppdata?url=aHR0cHM6Ly9lcHJvY3VyZS5nb3YuaW4vY3BwcC9sYXRlc3RhY3RpdmV0ZW5kZXJzbmV3L2NwcHBkYXRhP3BhZ2U9MTgx "HTTP/1.1 200 OK"
INFO httpx: HTTP Request: GET https://eprocure.gov.in/cppp/latestactivetendersnew/cpppdata?url=aHR0cHM6Ly9lcHJvY3VyZS5nb3YuaW4vY3BwcC9sYXRlc3RhY3RpdmV0ZW5kZXJzbmV3L2NwcHBkYXRhP3BhZ2U9MTgy "HTTP/1.1 200 OK"
INFO httpx: HTTP Request: GET https://eprocure.gov.in/cppp/latestactivetendersnew/cpppdata?url=aHR0cHM6Ly9lcHJvY3VyZS5nb3YuaW4vY3BwcC9sYXRlc3RhY3RpdmV0ZW5kZXJzbmV3L2NwcHBkYXRhP3BhZ2U9MTgz "HTTP/1.1 200 OK"
INFO httpx: HTTP Request: GET https://eprocure.gov.in/cppp/latestactivetendersnew/cpppdata?url=aHR0cHM6Ly9lcHJvY3VyZS5nb3YuaW4vY3BwcC9sYXRlc3RhY3RpdmV0ZW5kZXJzbmV3L2NwcHBkYXRhP3BhZ2U9MTg0 "HTTP/1.1 200 OK"
INFO httpx: HTTP Request: GET https://eprocure.gov.in/cppp/latestactivetendersnew/cpppdata?url=aHR0cHM6Ly9lcHJvY3VyZS5nb3YuaW4vY3BwcC9sYXRlc3RhY3RpdmV0ZW5kZXJzbmV3L2NwcHBkYXRhP3BhZ2U9MTg1 "HTTP/1.1 200 OK"
INFO httpx: HTTP Request: GET https://eprocure.gov.in/cppp/latestactivetendersnew/cpppdata?url=aHR0cHM6Ly9lcHJvY3VyZS5nb3YuaW4vY3BwcC9sYXRlc3RhY3RpdmV0ZW5kZXJzbmV3L2NwcHBkYXRhP3BhZ2U9MTg2 "HTTP/1.1 200 OK"
INFO httpx: HTTP Request: GET https://eprocure.gov.in/cppp/latestactivetendersnew/cpppdata?url=aHR0cHM6Ly9lcHJvY3VyZS5nb3YuaW4vY3BwcC9sYXRlc3RhY3RpdmV0ZW5kZXJzbmV3L2NwcHBkYXRhP3BhZ2U9MTg3 "HTTP/1.1 200 OK"
INFO httpx: HTTP Request: GET https://eprocure.gov.in/cppp/latestactivetendersnew/cpppdata?url=aHR0cHM6Ly9lcHJvY3VyZS5nb3YuaW4vY3BwcC9sYXRlc3RhY3RpdmV0ZW5kZXJzbmV3L2NwcHBkYXRhP3BhZ2U9MTg4 "HTTP/1.1 200 OK"
INFO httpx: HTTP Request: GET https://eprocure.gov.in/cppp/latestactivetendersnew/cpppdata?url=aHR0cHM6Ly9lcHJvY3VyZS5nb3YuaW4vY3BwcC9sYXRlc3RhY3RpdmV0ZW5kZXJzbmV3L2NwcHBkYXRhP3BhZ2U9MTg5 "HTTP/1.1 200 OK"
INFO httpx: HTTP Request: GET https://eprocure.gov.in/cppp/latestactivetendersnew/cpppdata?url=aHR0cHM6Ly9lcHJvY3VyZS5nb3YuaW4vY3BwcC9sYXRlc3RhY3RpdmV0ZW5kZXJzbmV3L2NwcHBkYXRhP3BhZ2U9MTkw "HTTP/1.1 200 OK"
INFO httpx: HTTP Request: GET https://eprocure.gov.in/cppp/latestactivetendersnew/cpppdata?url=aHR0cHM6Ly9lcHJvY3VyZS5nb3YuaW4vY3BwcC9sYXRlc3RhY3RpdmV0ZW5kZXJzbmV3L2NwcHBkYXRhP3BhZ2U9MTkx "HTTP/1.1 200 OK"
INFO httpx: HTTP Request: GET https://eprocure.gov.in/cppp/latestactivetendersnew/cpppdata?url=aHR0cHM6Ly9lcHJvY3VyZS5nb3YuaW4vY3BwcC9sYXRlc3RhY3RpdmV0ZW5kZXJzbmV3L2NwcHBkYXRhP3BhZ2U9MTky "HTTP/1.1 200 OK"
INFO httpx: HTTP Request: GET https://eprocure.gov.in/cppp/latestactivetendersnew/cpppdata?url=aHR0cHM6Ly9lcHJvY3VyZS5nb3YuaW4vY3BwcC9sYXRlc3RhY3RpdmV0ZW5kZXJzbmV3L2NwcHBkYXRhP3BhZ2U9MTkz "HTTP/1.1 200 OK"
INFO httpx: HTTP Request: GET https://eprocure.gov.in/cppp/latestactivetendersnew/cpppdata?url=aHR0cHM6Ly9lcHJvY3VyZS5nb3YuaW4vY3BwcC9sYXRlc3RhY3RpdmV0ZW5kZXJzbmV3L2NwcHBkYXRhP3BhZ2U9MTk0 "HTTP/1.1 200 OK"
INFO httpx: HTTP Request: GET https://eprocure.gov.in/cppp/latestactivetendersnew/cpppdata?url=aHR0cHM6Ly9lcHJvY3VyZS5nb3YuaW4vY3BwcC9sYXRlc3RhY3RpdmV0ZW5kZXJzbmV3L2NwcHBkYXRhP3BhZ2U9MTk1 "HTTP/1.1 200 OK"
INFO httpx: HTTP Request: GET https://eprocure.gov.in/cppp/latestactivetendersnew/cpppdata?url=aHR0cHM6Ly9lcHJvY3VyZS5nb3YuaW4vY3BwcC9sYXRlc3RhY3RpdmV0ZW5kZXJzbmV3L2NwcHBkYXRhP3BhZ2U9MTk2 "HTTP/1.1 200 OK"
